node.exe : npm notice run ifh-one@2.10.0 build
At line:1 char:1
+ & "C:\Program Files\nodejs/node.exe" "C:\Users\dell\AppData\Roaming\n ...
+ ~~~~~~~~~~~~~~~~~~~~~~~~~~~~~~~~~~~~~~~~~~~~~~~~~~~~~~~~~~~~~~~~~~~~~
    + CategoryInfo          : NotSpecified: (npm notice run ifh-one@2.10.0 build:String) [], RemoteException
    + FullyQualifiedErrorId : NativeCommandError
 
npm notice run turbo run build
ΓÇó Packages in scope: @ifh/config, @ifh/types, @ifh/ui, @ifh/utils, api, web
ΓÇó Running build in 6 packages
ΓÇó Remote caching disabled
web:build: cache miss, executing 82a2806a3438afbb
@ifh/types:build: cache hit, replaying logs 4334e66da303f2fa
@ifh/types:build: 
@ifh/types:build: > @ifh/types@2.0.1 build
@ifh/types:build: > tsc
@ifh/types:build: 
api:build: cache hit, replaying logs c067f02cf13d2701
api:build: npm notice run api@2.10.0 build
api:build: npm notice run npx --yes @nestjs/cli build
api:build: npm notice run ifh-one@2.10.0 npx
api:build: npm notice run nest build
web:build: npm notice run web@2.10.0 build
web:build: npm notice run next build
web:build: Γû▓ Next.js 16.2.9 (Turbopack)
web:build: - Environments: .env.local, .env.production, .env
web:build: 
web:build:   Creating an optimized production build ...
web:build: Γ£ô Compiled successfully in 25.8s
web:build:   Running TypeScript ...
web:build:   Finished TypeScript in 23.9s ...
web:build:   Collecting page data using 7 workers ...
web:build:   Generating static pages using 7 workers (0/60) ...
web:build:   Generating static pages using 7 workers (15/60) 
web:build:   Generating static pages using 7 workers (30/60) 
web:build:   Generating static pages using 7 workers (45/60) 
web:build: Γ£ô Generating static pages using 7 workers (60/60) in 2.4s
web:build:   Finalizing page optimization ...
web:build: 
web:build: Route (app)
web:build: Γöî Γùï /
web:build: Γö£ Γùï /_not-found
web:build: Γö£ Γùï /archived-indents
web:build: Γö£ Γùï /audit-trail
web:build: Γö£ Γùï /bill-approval-l1
web:build: Γö£ ╞Æ /bill-approval-l1/[id]
web:build: Γö£ Γùï /bill-approval-l2
web:build: Γö£ ╞Æ /bill-approval-l2/[id]
web:build: Γö£ Γùï /bill-creation
web:build: Γö£ ╞Æ /bill-creation/[id]
web:build: Γö£ Γùï /bill-to-accounts
web:build: Γö£ ╞Æ /bill-to-accounts/[id]
web:build: Γö£ Γùï /bill-to-purchase
web:build: Γö£ ╞Æ /bill-to-purchase/[id]
web:build: Γö£ Γùï /billing
web:build: Γö£ Γùï /control-tower
web:build: Γö£ Γùï /dashboard
web:build: Γö£ Γùï /debit-note
web:build: Γö£ ╞Æ /debit-note/[id]
web:build: Γö£ Γùï /final-inspection
web:build: Γö£ ╞Æ /final-inspection/[id]
web:build: Γö£ Γùï /gate-entry
web:build: Γö£ ╞Æ /gate-entry/[id]
web:build: Γö£ Γùï /gate-entry/dashboard
web:build: Γö£ Γùï /gate-entry/new
web:build: Γö£ Γùï /hold-records
web:build: Γö£ Γùï /indent-lifecycle
web:build: Γö£ Γùï /indent-verification
web:build: Γö£ ╞Æ /indent-verification/[id]
web:build: Γö£ Γùï /indents
web:build: Γö£ ╞Æ /indents/[id]
web:build: Γö£ Γùï /indents/new
web:build: Γö£ Γùï /inspections
web:build: Γö£ Γùï /items
web:build: Γö£ Γùï /login
web:build: Γö£ Γùï /material-inspection
web:build: Γö£ ╞Æ /material-inspection/[id]
web:build: Γö£ Γùï /material-receipt
web:build: Γö£ ╞Æ /material-receipt/[id]
web:build: Γö£ Γùï /negotiation
web:build: Γö£ ╞Æ /negotiation/[id]
web:build: Γö£ Γùï /notifications
web:build: Γö£ Γùï /payment-advice
web:build: Γö£ ╞Æ /payment-advice/[id]
web:build: Γö£ Γùï /payments
web:build: Γö£ Γùï /pending-delays
web:build: Γö£ Γùï /permissions
web:build: Γö£ Γùï /po-approval-l1
web:build: Γö£ ╞Æ /po-approval-l1/[id]
web:build: Γö£ Γùï /po-approval-l2
web:build: Γö£ ╞Æ /po-approval-l2/[id]
web:build: Γö£ Γùï /procurement
web:build: Γö£ ╞Æ /procurement/[id]
web:build: Γö£ Γùï /procurement/create
web:build: Γö£ Γùï /profile
web:build: Γö£ Γùï /projects
web:build: Γö£ Γùï /purchase-orders
web:build: Γö£ ╞Æ /purchase-orders/[id]
web:build: Γö£ Γùï /receipts
web:build: Γö£ Γùï /rejected-records
web:build: Γö£ Γùï /rfq
web:build: Γö£ Γùï /rfq-float
web:build: Γö£ ╞Æ /rfq-float/[id]
web:build: Γö£ Γùï /rfq-float/create
web:build: Γö£ ╞Æ /rfq/[id]
web:build: Γö£ Γùï /rfqs
web:build: Γö£ Γùï /roles
web:build: Γö£ ╞Æ /roles/[id]
web:build: Γö£ Γùï /roles/create
web:build: Γö£ Γùï /roles/matrix
web:build: Γö£ Γùï /secondary-inspection
web:build: Γö£ ╞Æ /secondary-inspection/[id]
web:build: Γö£ Γùï /secondary-verification
web:build: Γö£ Γùï /store-check
web:build: Γö£ ╞Æ /store-check/[id]
web:build: Γö£ Γùï /tally-entry
web:build: Γö£ ╞Æ /tally-entry/[id]
web:build: Γö£ Γùï /techno-commercial-evaluation
web:build: Γö£ ╞Æ /techno-commercial-evaluation/[id]
web:build: Γö£ Γùï /users
web:build: Γö£ Γùï /vendor-acceptance
web:build: Γö£ ╞Æ /vendor-acceptance/[id]
web:build: Γö£ Γùï /vendor-follow-up
web:build: Γö£ ╞Æ /vendor-follow-up/[id]
web:build: Γö£ ╞Æ /vendor-quotations/[rfqId]
web:build: Γö£ ╞Æ /vendor-quotations/[rfqId]/details
web:build: Γö£ ╞Æ /vendor-rfq-portal/[token]
web:build: Γö£ ╞Æ /vendor-rfq-portal/legacy/[rfqNumber]/[vendorId]
web:build: Γöö Γùï /vendors
web:build: 
web:build: 
web:build: Γùï  (Static)   prerendered as static content
web:build: ╞Æ  (Dynamic)  server-rendered on demand
web:build: 

 Tasks:    3 successful, 3 total
Cached:    2 cached, 3 total
  Time:    1m5.379s 

